--------------------------------------------------------------------------------
Release 14.7 Trace  (nt64)
Copyright (c) 1995-2013 Xilinx, Inc.  All rights reserved.

C:\Xilinx\14.7\ISE_DS\ISE\bin\nt64\unwrapped\trce.exe -intstyle ise -v 3 -s 5
-n 3 -fastpaths -xml alu.twx alu.ncd -o alu.twr alu.pcf

Design file:              alu.ncd
Physical constraint file: alu.pcf
Device,package,speed:     xc3s500e,fg320,-5 (PRODUCTION 1.27 2013-10-13)
Report level:             verbose report

Environment Variable      Effect 
--------------------      ------ 
NONE                      No environment variables were set
--------------------------------------------------------------------------------

INFO:Timing:2698 - No timing constraints found, doing default enumeration.
INFO:Timing:3412 - To improve timing, see the Timing Closure User Guide (UG612).
INFO:Timing:2752 - To get complete path coverage, use the unconstrained paths 
   option. All paths that are not constrained will be reported in the 
   unconstrained paths section(s) of the report.
INFO:Timing:3339 - The clock-to-out numbers in this timing report are based on 
   a 50 Ohm transmission line loading model.  For the details of this model, 
   and for more information on accounting for different loading conditions, 
   please see the device datasheet.
INFO:Timing:3390 - This architecture does not support a default System Jitter 
   value, please add SYSTEM_JITTER constraint to the UCF to modify the Clock 
   Uncertainty calculation.
INFO:Timing:3389 - This architecture does not support 'Discrete Jitter' and 
   'Phase Error' calculations, these terms will be zero in the Clock 
   Uncertainty calculation.  Please make appropriate modification to 
   SYSTEM_JITTER to account for the unsupported Discrete Jitter and Phase 
   Error.



Data Sheet report:
-----------------
All values displayed in nanoseconds (ns)

Pad to Pad
---------------+---------------+---------+
Source Pad     |Destination Pad|  Delay  |
---------------+---------------+---------+
alu_op<0>      |salida_Alu<0>  |   15.313|
alu_op<0>      |salida_Alu<1>  |   16.084|
alu_op<0>      |salida_Alu<2>  |   15.973|
alu_op<0>      |salida_Alu<3>  |   15.525|
alu_op<0>      |salida_Alu<4>  |   14.625|
alu_op<0>      |salida_Alu<5>  |   15.886|
alu_op<0>      |salida_Alu<6>  |   15.203|
alu_op<0>      |salida_Alu<7>  |   16.039|
alu_op<0>      |salida_Alu<8>  |   15.477|
alu_op<0>      |salida_Alu<9>  |   15.754|
alu_op<0>      |salida_Alu<10> |   15.464|
alu_op<0>      |salida_Alu<11> |   15.646|
alu_op<0>      |salida_Alu<12> |   15.489|
alu_op<0>      |salida_Alu<13> |   15.541|
alu_op<0>      |salida_Alu<14> |   15.902|
alu_op<0>      |salida_Alu<15> |   16.108|
alu_op<0>      |salida_Alu<16> |   15.909|
alu_op<0>      |salida_Alu<17> |   16.349|
alu_op<0>      |salida_Alu<18> |   16.802|
alu_op<0>      |salida_Alu<19> |   15.542|
alu_op<0>      |salida_Alu<20> |   15.368|
alu_op<0>      |salida_Alu<21> |   16.444|
alu_op<0>      |salida_Alu<22> |   15.106|
alu_op<0>      |salida_Alu<23> |   15.837|
alu_op<0>      |salida_Alu<24> |   15.877|
alu_op<0>      |salida_Alu<25> |   15.277|
alu_op<0>      |salida_Alu<26> |   16.048|
alu_op<0>      |salida_Alu<27> |   16.902|
alu_op<0>      |salida_Alu<28> |   15.931|
alu_op<0>      |salida_Alu<29> |   16.952|
alu_op<0>      |salida_Alu<30> |   16.322|
alu_op<0>      |salida_Alu<31> |   16.673|
alu_op<1>      |salida_Alu<0>  |   16.253|
alu_op<1>      |salida_Alu<1>  |   17.024|
alu_op<1>      |salida_Alu<2>  |   16.913|
alu_op<1>      |salida_Alu<3>  |   16.465|
alu_op<1>      |salida_Alu<4>  |   15.565|
alu_op<1>      |salida_Alu<5>  |   16.826|
alu_op<1>      |salida_Alu<6>  |   16.143|
alu_op<1>      |salida_Alu<7>  |   16.979|
alu_op<1>      |salida_Alu<8>  |   16.417|
alu_op<1>      |salida_Alu<9>  |   16.694|
alu_op<1>      |salida_Alu<10> |   16.404|
alu_op<1>      |salida_Alu<11> |   16.586|
alu_op<1>      |salida_Alu<12> |   16.429|
alu_op<1>      |salida_Alu<13> |   16.481|
alu_op<1>      |salida_Alu<14> |   16.842|
alu_op<1>      |salida_Alu<15> |   17.048|
alu_op<1>      |salida_Alu<16> |   16.849|
alu_op<1>      |salida_Alu<17> |   17.289|
alu_op<1>      |salida_Alu<18> |   17.742|
alu_op<1>      |salida_Alu<19> |   16.482|
alu_op<1>      |salida_Alu<20> |   16.308|
alu_op<1>      |salida_Alu<21> |   17.384|
alu_op<1>      |salida_Alu<22> |   16.046|
alu_op<1>      |salida_Alu<23> |   16.777|
alu_op<1>      |salida_Alu<24> |   16.817|
alu_op<1>      |salida_Alu<25> |   16.217|
alu_op<1>      |salida_Alu<26> |   16.988|
alu_op<1>      |salida_Alu<27> |   17.842|
alu_op<1>      |salida_Alu<28> |   16.871|
alu_op<1>      |salida_Alu<29> |   17.892|
alu_op<1>      |salida_Alu<30> |   17.262|
alu_op<1>      |salida_Alu<31> |   17.613|
alu_op<2>      |salida_Alu<0>  |   16.818|
alu_op<2>      |salida_Alu<1>  |   17.589|
alu_op<2>      |salida_Alu<2>  |   17.478|
alu_op<2>      |salida_Alu<3>  |   17.030|
alu_op<2>      |salida_Alu<4>  |   16.130|
alu_op<2>      |salida_Alu<5>  |   17.391|
alu_op<2>      |salida_Alu<6>  |   16.708|
alu_op<2>      |salida_Alu<7>  |   17.544|
alu_op<2>      |salida_Alu<8>  |   16.982|
alu_op<2>      |salida_Alu<9>  |   17.259|
alu_op<2>      |salida_Alu<10> |   16.969|
alu_op<2>      |salida_Alu<11> |   17.151|
alu_op<2>      |salida_Alu<12> |   16.994|
alu_op<2>      |salida_Alu<13> |   17.046|
alu_op<2>      |salida_Alu<14> |   17.407|
alu_op<2>      |salida_Alu<15> |   17.613|
alu_op<2>      |salida_Alu<16> |   17.414|
alu_op<2>      |salida_Alu<17> |   17.854|
alu_op<2>      |salida_Alu<18> |   18.307|
alu_op<2>      |salida_Alu<19> |   17.047|
alu_op<2>      |salida_Alu<20> |   16.873|
alu_op<2>      |salida_Alu<21> |   17.949|
alu_op<2>      |salida_Alu<22> |   16.611|
alu_op<2>      |salida_Alu<23> |   17.342|
alu_op<2>      |salida_Alu<24> |   17.382|
alu_op<2>      |salida_Alu<25> |   16.782|
alu_op<2>      |salida_Alu<26> |   17.553|
alu_op<2>      |salida_Alu<27> |   18.407|
alu_op<2>      |salida_Alu<28> |   17.436|
alu_op<2>      |salida_Alu<29> |   18.457|
alu_op<2>      |salida_Alu<30> |   17.827|
alu_op<2>      |salida_Alu<31> |   18.178|
alu_op<3>      |salida_Alu<0>  |   14.227|
alu_op<3>      |salida_Alu<1>  |   14.998|
alu_op<3>      |salida_Alu<2>  |   14.887|
alu_op<3>      |salida_Alu<3>  |   14.439|
alu_op<3>      |salida_Alu<4>  |   13.539|
alu_op<3>      |salida_Alu<5>  |   14.800|
alu_op<3>      |salida_Alu<6>  |   14.117|
alu_op<3>      |salida_Alu<7>  |   14.953|
alu_op<3>      |salida_Alu<8>  |   14.391|
alu_op<3>      |salida_Alu<9>  |   14.668|
alu_op<3>      |salida_Alu<10> |   14.378|
alu_op<3>      |salida_Alu<11> |   14.560|
alu_op<3>      |salida_Alu<12> |   14.403|
alu_op<3>      |salida_Alu<13> |   14.455|
alu_op<3>      |salida_Alu<14> |   14.816|
alu_op<3>      |salida_Alu<15> |   15.022|
alu_op<3>      |salida_Alu<16> |   14.823|
alu_op<3>      |salida_Alu<17> |   15.263|
alu_op<3>      |salida_Alu<18> |   15.716|
alu_op<3>      |salida_Alu<19> |   14.456|
alu_op<3>      |salida_Alu<20> |   14.282|
alu_op<3>      |salida_Alu<21> |   15.358|
alu_op<3>      |salida_Alu<22> |   14.020|
alu_op<3>      |salida_Alu<23> |   14.751|
alu_op<3>      |salida_Alu<24> |   14.791|
alu_op<3>      |salida_Alu<25> |   14.191|
alu_op<3>      |salida_Alu<26> |   14.962|
alu_op<3>      |salida_Alu<27> |   15.816|
alu_op<3>      |salida_Alu<28> |   14.845|
alu_op<3>      |salida_Alu<29> |   15.866|
alu_op<3>      |salida_Alu<30> |   15.236|
alu_op<3>      |salida_Alu<31> |   15.587|
alu_op<4>      |salida_Alu<0>  |   14.535|
alu_op<4>      |salida_Alu<1>  |   15.306|
alu_op<4>      |salida_Alu<2>  |   15.195|
alu_op<4>      |salida_Alu<3>  |   14.747|
alu_op<4>      |salida_Alu<4>  |   13.847|
alu_op<4>      |salida_Alu<5>  |   15.108|
alu_op<4>      |salida_Alu<6>  |   14.425|
alu_op<4>      |salida_Alu<7>  |   15.261|
alu_op<4>      |salida_Alu<8>  |   14.699|
alu_op<4>      |salida_Alu<9>  |   14.976|
alu_op<4>      |salida_Alu<10> |   14.686|
alu_op<4>      |salida_Alu<11> |   14.868|
alu_op<4>      |salida_Alu<12> |   14.711|
alu_op<4>      |salida_Alu<13> |   14.763|
alu_op<4>      |salida_Alu<14> |   15.124|
alu_op<4>      |salida_Alu<15> |   15.330|
alu_op<4>      |salida_Alu<16> |   15.131|
alu_op<4>      |salida_Alu<17> |   15.571|
alu_op<4>      |salida_Alu<18> |   16.024|
alu_op<4>      |salida_Alu<19> |   14.764|
alu_op<4>      |salida_Alu<20> |   14.590|
alu_op<4>      |salida_Alu<21> |   15.666|
alu_op<4>      |salida_Alu<22> |   14.328|
alu_op<4>      |salida_Alu<23> |   15.059|
alu_op<4>      |salida_Alu<24> |   15.099|
alu_op<4>      |salida_Alu<25> |   14.499|
alu_op<4>      |salida_Alu<26> |   15.270|
alu_op<4>      |salida_Alu<27> |   16.124|
alu_op<4>      |salida_Alu<28> |   15.153|
alu_op<4>      |salida_Alu<29> |   16.174|
alu_op<4>      |salida_Alu<30> |   15.544|
alu_op<4>      |salida_Alu<31> |   15.895|
alu_op<5>      |salida_Alu<0>  |   15.181|
alu_op<5>      |salida_Alu<1>  |   15.952|
alu_op<5>      |salida_Alu<2>  |   15.841|
alu_op<5>      |salida_Alu<3>  |   15.393|
alu_op<5>      |salida_Alu<4>  |   14.493|
alu_op<5>      |salida_Alu<5>  |   15.754|
alu_op<5>      |salida_Alu<6>  |   15.071|
alu_op<5>      |salida_Alu<7>  |   15.907|
alu_op<5>      |salida_Alu<8>  |   15.345|
alu_op<5>      |salida_Alu<9>  |   15.622|
alu_op<5>      |salida_Alu<10> |   15.332|
alu_op<5>      |salida_Alu<11> |   15.514|
alu_op<5>      |salida_Alu<12> |   15.357|
alu_op<5>      |salida_Alu<13> |   15.409|
alu_op<5>      |salida_Alu<14> |   15.770|
alu_op<5>      |salida_Alu<15> |   15.976|
alu_op<5>      |salida_Alu<16> |   15.777|
alu_op<5>      |salida_Alu<17> |   16.217|
alu_op<5>      |salida_Alu<18> |   16.670|
alu_op<5>      |salida_Alu<19> |   15.410|
alu_op<5>      |salida_Alu<20> |   15.236|
alu_op<5>      |salida_Alu<21> |   16.312|
alu_op<5>      |salida_Alu<22> |   14.974|
alu_op<5>      |salida_Alu<23> |   15.705|
alu_op<5>      |salida_Alu<24> |   15.745|
alu_op<5>      |salida_Alu<25> |   15.145|
alu_op<5>      |salida_Alu<26> |   15.916|
alu_op<5>      |salida_Alu<27> |   16.770|
alu_op<5>      |salida_Alu<28> |   15.799|
alu_op<5>      |salida_Alu<29> |   16.820|
alu_op<5>      |salida_Alu<30> |   16.190|
alu_op<5>      |salida_Alu<31> |   16.541|
operando1<0>   |salida_Alu<0>  |   14.059|
operando1<0>   |salida_Alu<1>  |   14.981|
operando1<0>   |salida_Alu<2>  |   14.911|
operando1<0>   |salida_Alu<3>  |   14.463|
operando1<0>   |salida_Alu<4>  |   13.563|
operando1<0>   |salida_Alu<5>  |   14.824|
operando1<0>   |salida_Alu<6>  |   14.141|
operando1<0>   |salida_Alu<7>  |   14.938|
operando1<0>   |salida_Alu<8>  |   14.139|
operando1<0>   |salida_Alu<9>  |   14.416|
operando1<0>   |salida_Alu<10> |   14.126|
operando1<0>   |salida_Alu<11> |   14.308|
operando1<0>   |salida_Alu<12> |   14.151|
operando1<0>   |salida_Alu<13> |   14.203|
operando1<0>   |salida_Alu<14> |   14.564|
operando1<0>   |salida_Alu<15> |   14.770|
operando1<0>   |salida_Alu<16> |   14.571|
operando1<0>   |salida_Alu<17> |   15.011|
operando1<0>   |salida_Alu<18> |   15.464|
operando1<0>   |salida_Alu<19> |   14.204|
operando1<0>   |salida_Alu<20> |   14.030|
operando1<0>   |salida_Alu<21> |   15.106|
operando1<0>   |salida_Alu<22> |   13.768|
operando1<0>   |salida_Alu<23> |   14.499|
operando1<0>   |salida_Alu<24> |   14.539|
operando1<0>   |salida_Alu<25> |   13.939|
operando1<0>   |salida_Alu<26> |   14.710|
operando1<0>   |salida_Alu<27> |   15.564|
operando1<0>   |salida_Alu<28> |   14.593|
operando1<0>   |salida_Alu<29> |   15.614|
operando1<0>   |salida_Alu<30> |   14.984|
operando1<0>   |salida_Alu<31> |   15.335|
operando1<1>   |salida_Alu<1>  |   15.171|
operando1<1>   |salida_Alu<2>  |   15.318|
operando1<1>   |salida_Alu<3>  |   14.870|
operando1<1>   |salida_Alu<4>  |   13.970|
operando1<1>   |salida_Alu<5>  |   15.231|
operando1<1>   |salida_Alu<6>  |   14.548|
operando1<1>   |salida_Alu<7>  |   15.345|
operando1<1>   |salida_Alu<8>  |   14.546|
operando1<1>   |salida_Alu<9>  |   14.823|
operando1<1>   |salida_Alu<10> |   14.533|
operando1<1>   |salida_Alu<11> |   14.715|
operando1<1>   |salida_Alu<12> |   14.558|
operando1<1>   |salida_Alu<13> |   14.610|
operando1<1>   |salida_Alu<14> |   14.971|
operando1<1>   |salida_Alu<15> |   15.177|
operando1<1>   |salida_Alu<16> |   14.978|
operando1<1>   |salida_Alu<17> |   15.418|
operando1<1>   |salida_Alu<18> |   15.871|
operando1<1>   |salida_Alu<19> |   14.611|
operando1<1>   |salida_Alu<20> |   14.437|
operando1<1>   |salida_Alu<21> |   15.513|
operando1<1>   |salida_Alu<22> |   14.175|
operando1<1>   |salida_Alu<23> |   14.906|
operando1<1>   |salida_Alu<24> |   14.946|
operando1<1>   |salida_Alu<25> |   14.346|
operando1<1>   |salida_Alu<26> |   15.117|
operando1<1>   |salida_Alu<27> |   15.971|
operando1<1>   |salida_Alu<28> |   15.000|
operando1<1>   |salida_Alu<29> |   16.021|
operando1<1>   |salida_Alu<30> |   15.391|
operando1<1>   |salida_Alu<31> |   15.742|
operando1<2>   |salida_Alu<2>  |   14.483|
operando1<2>   |salida_Alu<3>  |   14.186|
operando1<2>   |salida_Alu<4>  |   13.523|
operando1<2>   |salida_Alu<5>  |   14.784|
operando1<2>   |salida_Alu<6>  |   14.101|
operando1<2>   |salida_Alu<7>  |   14.898|
operando1<2>   |salida_Alu<8>  |   14.099|
operando1<2>   |salida_Alu<9>  |   14.376|
operando1<2>   |salida_Alu<10> |   14.086|
operando1<2>   |salida_Alu<11> |   14.268|
operando1<2>   |salida_Alu<12> |   14.111|
operando1<2>   |salida_Alu<13> |   14.163|
operando1<2>   |salida_Alu<14> |   14.524|
operando1<2>   |salida_Alu<15> |   14.730|
operando1<2>   |salida_Alu<16> |   14.531|
operando1<2>   |salida_Alu<17> |   14.971|
operando1<2>   |salida_Alu<18> |   15.424|
operando1<2>   |salida_Alu<19> |   14.164|
operando1<2>   |salida_Alu<20> |   13.990|
operando1<2>   |salida_Alu<21> |   15.066|
operando1<2>   |salida_Alu<22> |   13.728|
operando1<2>   |salida_Alu<23> |   14.459|
operando1<2>   |salida_Alu<24> |   14.499|
operando1<2>   |salida_Alu<25> |   13.899|
operando1<2>   |salida_Alu<26> |   14.670|
operando1<2>   |salida_Alu<27> |   15.524|
operando1<2>   |salida_Alu<28> |   14.553|
operando1<2>   |salida_Alu<29> |   15.574|
operando1<2>   |salida_Alu<30> |   14.944|
operando1<2>   |salida_Alu<31> |   15.295|
operando1<3>   |salida_Alu<3>  |   13.355|
operando1<3>   |salida_Alu<4>  |   12.909|
operando1<3>   |salida_Alu<5>  |   14.170|
operando1<3>   |salida_Alu<6>  |   13.487|
operando1<3>   |salida_Alu<7>  |   14.284|
operando1<3>   |salida_Alu<8>  |   13.485|
operando1<3>   |salida_Alu<9>  |   13.762|
operando1<3>   |salida_Alu<10> |   13.472|
operando1<3>   |salida_Alu<11> |   13.654|
operando1<3>   |salida_Alu<12> |   13.497|
operando1<3>   |salida_Alu<13> |   13.549|
operando1<3>   |salida_Alu<14> |   13.910|
operando1<3>   |salida_Alu<15> |   14.116|
operando1<3>   |salida_Alu<16> |   13.917|
operando1<3>   |salida_Alu<17> |   14.357|
operando1<3>   |salida_Alu<18> |   14.810|
operando1<3>   |salida_Alu<19> |   13.550|
operando1<3>   |salida_Alu<20> |   13.376|
operando1<3>   |salida_Alu<21> |   14.452|
operando1<3>   |salida_Alu<22> |   13.114|
operando1<3>   |salida_Alu<23> |   13.845|
operando1<3>   |salida_Alu<24> |   13.885|
operando1<3>   |salida_Alu<25> |   13.285|
operando1<3>   |salida_Alu<26> |   14.056|
operando1<3>   |salida_Alu<27> |   14.910|
operando1<3>   |salida_Alu<28> |   13.939|
operando1<3>   |salida_Alu<29> |   14.960|
operando1<3>   |salida_Alu<30> |   14.330|
operando1<3>   |salida_Alu<31> |   14.681|
operando1<4>   |salida_Alu<4>  |   13.121|
operando1<4>   |salida_Alu<5>  |   14.533|
operando1<4>   |salida_Alu<6>  |   14.087|
operando1<4>   |salida_Alu<7>  |   14.884|
operando1<4>   |salida_Alu<8>  |   14.085|
operando1<4>   |salida_Alu<9>  |   14.362|
operando1<4>   |salida_Alu<10> |   14.072|
operando1<4>   |salida_Alu<11> |   14.254|
operando1<4>   |salida_Alu<12> |   14.097|
operando1<4>   |salida_Alu<13> |   14.149|
operando1<4>   |salida_Alu<14> |   14.510|
operando1<4>   |salida_Alu<15> |   14.716|
operando1<4>   |salida_Alu<16> |   14.517|
operando1<4>   |salida_Alu<17> |   14.957|
operando1<4>   |salida_Alu<18> |   15.410|
operando1<4>   |salida_Alu<19> |   14.150|
operando1<4>   |salida_Alu<20> |   13.976|
operando1<4>   |salida_Alu<21> |   15.052|
operando1<4>   |salida_Alu<22> |   13.714|
operando1<4>   |salida_Alu<23> |   14.445|
operando1<4>   |salida_Alu<24> |   14.485|
operando1<4>   |salida_Alu<25> |   13.885|
operando1<4>   |salida_Alu<26> |   14.656|
operando1<4>   |salida_Alu<27> |   15.510|
operando1<4>   |salida_Alu<28> |   14.539|
operando1<4>   |salida_Alu<29> |   15.560|
operando1<4>   |salida_Alu<30> |   14.930|
operando1<4>   |salida_Alu<31> |   15.281|
operando1<5>   |salida_Alu<5>  |   13.972|
operando1<5>   |salida_Alu<6>  |   13.743|
operando1<5>   |salida_Alu<7>  |   14.540|
operando1<5>   |salida_Alu<8>  |   13.741|
operando1<5>   |salida_Alu<9>  |   14.018|
operando1<5>   |salida_Alu<10> |   13.728|
operando1<5>   |salida_Alu<11> |   13.910|
operando1<5>   |salida_Alu<12> |   13.753|
operando1<5>   |salida_Alu<13> |   13.805|
operando1<5>   |salida_Alu<14> |   14.166|
operando1<5>   |salida_Alu<15> |   14.372|
operando1<5>   |salida_Alu<16> |   14.173|
operando1<5>   |salida_Alu<17> |   14.613|
operando1<5>   |salida_Alu<18> |   15.066|
operando1<5>   |salida_Alu<19> |   13.806|
operando1<5>   |salida_Alu<20> |   13.632|
operando1<5>   |salida_Alu<21> |   14.708|
operando1<5>   |salida_Alu<22> |   13.370|
operando1<5>   |salida_Alu<23> |   14.101|
operando1<5>   |salida_Alu<24> |   14.141|
operando1<5>   |salida_Alu<25> |   13.541|
operando1<5>   |salida_Alu<26> |   14.312|
operando1<5>   |salida_Alu<27> |   15.166|
operando1<5>   |salida_Alu<28> |   14.195|
operando1<5>   |salida_Alu<29> |   15.216|
operando1<5>   |salida_Alu<30> |   14.586|
operando1<5>   |salida_Alu<31> |   14.937|
operando1<6>   |salida_Alu<6>  |   12.545|
operando1<6>   |salida_Alu<7>  |   13.493|
operando1<6>   |salida_Alu<8>  |   12.931|
operando1<6>   |salida_Alu<9>  |   13.208|
operando1<6>   |salida_Alu<10> |   12.918|
operando1<6>   |salida_Alu<11> |   13.100|
operando1<6>   |salida_Alu<12> |   12.943|
operando1<6>   |salida_Alu<13> |   12.995|
operando1<6>   |salida_Alu<14> |   13.356|
operando1<6>   |salida_Alu<15> |   13.562|
operando1<6>   |salida_Alu<16> |   13.363|
operando1<6>   |salida_Alu<17> |   13.803|
operando1<6>   |salida_Alu<18> |   14.256|
operando1<6>   |salida_Alu<19> |   12.996|
operando1<6>   |salida_Alu<20> |   12.822|
operando1<6>   |salida_Alu<21> |   13.898|
operando1<6>   |salida_Alu<22> |   12.560|
operando1<6>   |salida_Alu<23> |   13.291|
operando1<6>   |salida_Alu<24> |   13.331|
operando1<6>   |salida_Alu<25> |   12.731|
operando1<6>   |salida_Alu<26> |   13.502|
operando1<6>   |salida_Alu<27> |   14.356|
operando1<6>   |salida_Alu<28> |   13.385|
operando1<6>   |salida_Alu<29> |   14.406|
operando1<6>   |salida_Alu<30> |   13.776|
operando1<6>   |salida_Alu<31> |   14.127|
operando1<7>   |salida_Alu<7>  |   13.152|
operando1<7>   |salida_Alu<8>  |   12.807|
operando1<7>   |salida_Alu<9>  |   13.084|
operando1<7>   |salida_Alu<10> |   12.794|
operando1<7>   |salida_Alu<11> |   12.976|
operando1<7>   |salida_Alu<12> |   12.819|
operando1<7>   |salida_Alu<13> |   12.871|
operando1<7>   |salida_Alu<14> |   13.232|
operando1<7>   |salida_Alu<15> |   13.438|
operando1<7>   |salida_Alu<16> |   13.239|
operando1<7>   |salida_Alu<17> |   13.679|
operando1<7>   |salida_Alu<18> |   14.132|
operando1<7>   |salida_Alu<19> |   12.872|
operando1<7>   |salida_Alu<20> |   12.698|
operando1<7>   |salida_Alu<21> |   13.774|
operando1<7>   |salida_Alu<22> |   12.436|
operando1<7>   |salida_Alu<23> |   13.167|
operando1<7>   |salida_Alu<24> |   13.207|
operando1<7>   |salida_Alu<25> |   12.607|
operando1<7>   |salida_Alu<26> |   13.378|
operando1<7>   |salida_Alu<27> |   14.232|
operando1<7>   |salida_Alu<28> |   13.261|
operando1<7>   |salida_Alu<29> |   14.282|
operando1<7>   |salida_Alu<30> |   13.652|
operando1<7>   |salida_Alu<31> |   14.003|
operando1<8>   |salida_Alu<8>  |   12.188|
operando1<8>   |salida_Alu<9>  |   12.616|
operando1<8>   |salida_Alu<10> |   12.563|
operando1<8>   |salida_Alu<11> |   12.745|
operando1<8>   |salida_Alu<12> |   12.588|
operando1<8>   |salida_Alu<13> |   12.640|
operando1<8>   |salida_Alu<14> |   13.001|
operando1<8>   |salida_Alu<15> |   13.207|
operando1<8>   |salida_Alu<16> |   13.008|
operando1<8>   |salida_Alu<17> |   13.448|
operando1<8>   |salida_Alu<18> |   13.901|
operando1<8>   |salida_Alu<19> |   12.641|
operando1<8>   |salida_Alu<20> |   12.467|
operando1<8>   |salida_Alu<21> |   13.543|
operando1<8>   |salida_Alu<22> |   12.205|
operando1<8>   |salida_Alu<23> |   12.936|
operando1<8>   |salida_Alu<24> |   12.976|
operando1<8>   |salida_Alu<25> |   12.376|
operando1<8>   |salida_Alu<26> |   13.147|
operando1<8>   |salida_Alu<27> |   14.001|
operando1<8>   |salida_Alu<28> |   13.030|
operando1<8>   |salida_Alu<29> |   14.051|
operando1<8>   |salida_Alu<30> |   13.421|
operando1<8>   |salida_Alu<31> |   13.772|
operando1<9>   |salida_Alu<9>  |   12.586|
operando1<9>   |salida_Alu<10> |   12.750|
operando1<9>   |salida_Alu<11> |   12.932|
operando1<9>   |salida_Alu<12> |   12.775|
operando1<9>   |salida_Alu<13> |   12.827|
operando1<9>   |salida_Alu<14> |   13.188|
operando1<9>   |salida_Alu<15> |   13.394|
operando1<9>   |salida_Alu<16> |   13.195|
operando1<9>   |salida_Alu<17> |   13.635|
operando1<9>   |salida_Alu<18> |   14.088|
operando1<9>   |salida_Alu<19> |   12.828|
operando1<9>   |salida_Alu<20> |   12.654|
operando1<9>   |salida_Alu<21> |   13.730|
operando1<9>   |salida_Alu<22> |   12.392|
operando1<9>   |salida_Alu<23> |   13.123|
operando1<9>   |salida_Alu<24> |   13.163|
operando1<9>   |salida_Alu<25> |   12.563|
operando1<9>   |salida_Alu<26> |   13.334|
operando1<9>   |salida_Alu<27> |   14.188|
operando1<9>   |salida_Alu<28> |   13.217|
operando1<9>   |salida_Alu<29> |   14.238|
operando1<9>   |salida_Alu<30> |   13.608|
operando1<9>   |salida_Alu<31> |   13.959|
operando1<10>  |salida_Alu<10> |   11.785|
operando1<10>  |salida_Alu<11> |   12.118|
operando1<10>  |salida_Alu<12> |   12.198|
operando1<10>  |salida_Alu<13> |   12.250|
operando1<10>  |salida_Alu<14> |   12.611|
operando1<10>  |salida_Alu<15> |   12.817|
operando1<10>  |salida_Alu<16> |   12.618|
operando1<10>  |salida_Alu<17> |   13.058|
operando1<10>  |salida_Alu<18> |   13.511|
operando1<10>  |salida_Alu<19> |   12.251|
operando1<10>  |salida_Alu<20> |   12.077|
operando1<10>  |salida_Alu<21> |   13.153|
operando1<10>  |salida_Alu<22> |   11.815|
operando1<10>  |salida_Alu<23> |   12.546|
operando1<10>  |salida_Alu<24> |   12.586|
operando1<10>  |salida_Alu<25> |   11.986|
operando1<10>  |salida_Alu<26> |   12.757|
operando1<10>  |salida_Alu<27> |   13.611|
operando1<10>  |salida_Alu<28> |   12.640|
operando1<10>  |salida_Alu<29> |   13.661|
operando1<10>  |salida_Alu<30> |   13.031|
operando1<10>  |salida_Alu<31> |   13.382|
operando1<11>  |salida_Alu<11> |   11.908|
operando1<11>  |salida_Alu<12> |   12.205|
operando1<11>  |salida_Alu<13> |   12.257|
operando1<11>  |salida_Alu<14> |   12.618|
operando1<11>  |salida_Alu<15> |   12.824|
operando1<11>  |salida_Alu<16> |   12.625|
operando1<11>  |salida_Alu<17> |   13.065|
operando1<11>  |salida_Alu<18> |   13.518|
operando1<11>  |salida_Alu<19> |   12.258|
operando1<11>  |salida_Alu<20> |   12.084|
operando1<11>  |salida_Alu<21> |   13.160|
operando1<11>  |salida_Alu<22> |   11.822|
operando1<11>  |salida_Alu<23> |   12.553|
operando1<11>  |salida_Alu<24> |   12.593|
operando1<11>  |salida_Alu<25> |   11.993|
operando1<11>  |salida_Alu<26> |   12.764|
operando1<11>  |salida_Alu<27> |   13.618|
operando1<11>  |salida_Alu<28> |   12.647|
operando1<11>  |salida_Alu<29> |   13.668|
operando1<11>  |salida_Alu<30> |   13.038|
operando1<11>  |salida_Alu<31> |   13.389|
operando1<12>  |salida_Alu<12> |   11.318|
operando1<12>  |salida_Alu<13> |   11.521|
operando1<12>  |salida_Alu<14> |   12.119|
operando1<12>  |salida_Alu<15> |   12.325|
operando1<12>  |salida_Alu<16> |   12.126|
operando1<12>  |salida_Alu<17> |   12.566|
operando1<12>  |salida_Alu<18> |   13.019|
operando1<12>  |salida_Alu<19> |   11.759|
operando1<12>  |salida_Alu<20> |   11.585|
operando1<12>  |salida_Alu<21> |   12.661|
operando1<12>  |salida_Alu<22> |   11.323|
operando1<12>  |salida_Alu<23> |   12.054|
operando1<12>  |salida_Alu<24> |   12.094|
operando1<12>  |salida_Alu<25> |   11.494|
operando1<12>  |salida_Alu<26> |   12.265|
operando1<12>  |salida_Alu<27> |   13.119|
operando1<12>  |salida_Alu<28> |   12.148|
operando1<12>  |salida_Alu<29> |   13.169|
operando1<12>  |salida_Alu<30> |   12.539|
operando1<12>  |salida_Alu<31> |   12.890|
operando1<13>  |salida_Alu<13> |   11.456|
operando1<13>  |salida_Alu<14> |   12.271|
operando1<13>  |salida_Alu<15> |   12.477|
operando1<13>  |salida_Alu<16> |   12.278|
operando1<13>  |salida_Alu<17> |   12.718|
operando1<13>  |salida_Alu<18> |   13.171|
operando1<13>  |salida_Alu<19> |   11.911|
operando1<13>  |salida_Alu<20> |   11.737|
operando1<13>  |salida_Alu<21> |   12.813|
operando1<13>  |salida_Alu<22> |   11.475|
operando1<13>  |salida_Alu<23> |   12.206|
operando1<13>  |salida_Alu<24> |   12.246|
operando1<13>  |salida_Alu<25> |   11.646|
operando1<13>  |salida_Alu<26> |   12.417|
operando1<13>  |salida_Alu<27> |   13.271|
operando1<13>  |salida_Alu<28> |   12.300|
operando1<13>  |salida_Alu<29> |   13.321|
operando1<13>  |salida_Alu<30> |   12.691|
operando1<13>  |salida_Alu<31> |   13.042|
operando1<14>  |salida_Alu<14> |   12.147|
operando1<14>  |salida_Alu<15> |   12.504|
operando1<14>  |salida_Alu<16> |   12.542|
operando1<14>  |salida_Alu<17> |   12.982|
operando1<14>  |salida_Alu<18> |   13.435|
operando1<14>  |salida_Alu<19> |   12.175|
operando1<14>  |salida_Alu<20> |   12.001|
operando1<14>  |salida_Alu<21> |   13.077|
operando1<14>  |salida_Alu<22> |   11.739|
operando1<14>  |salida_Alu<23> |   12.470|
operando1<14>  |salida_Alu<24> |   12.510|
operando1<14>  |salida_Alu<25> |   11.910|
operando1<14>  |salida_Alu<26> |   12.681|
operando1<14>  |salida_Alu<27> |   13.535|
operando1<14>  |salida_Alu<28> |   12.564|
operando1<14>  |salida_Alu<29> |   13.585|
operando1<14>  |salida_Alu<30> |   12.955|
operando1<14>  |salida_Alu<31> |   13.306|
operando1<15>  |salida_Alu<15> |   12.346|
operando1<15>  |salida_Alu<16> |   12.601|
operando1<15>  |salida_Alu<17> |   13.041|
operando1<15>  |salida_Alu<18> |   13.494|
operando1<15>  |salida_Alu<19> |   12.234|
operando1<15>  |salida_Alu<20> |   12.060|
operando1<15>  |salida_Alu<21> |   13.136|
operando1<15>  |salida_Alu<22> |   11.798|
operando1<15>  |salida_Alu<23> |   12.529|
operando1<15>  |salida_Alu<24> |   12.569|
operando1<15>  |salida_Alu<25> |   11.969|
operando1<15>  |salida_Alu<26> |   12.740|
operando1<15>  |salida_Alu<27> |   13.594|
operando1<15>  |salida_Alu<28> |   12.623|
operando1<15>  |salida_Alu<29> |   13.644|
operando1<15>  |salida_Alu<30> |   13.014|
operando1<15>  |salida_Alu<31> |   13.365|
operando1<16>  |salida_Alu<16> |   12.287|
operando1<16>  |salida_Alu<17> |   12.878|
operando1<16>  |salida_Alu<18> |   13.568|
operando1<16>  |salida_Alu<19> |   12.308|
operando1<16>  |salida_Alu<20> |   12.134|
operando1<16>  |salida_Alu<21> |   13.210|
operando1<16>  |salida_Alu<22> |   11.872|
operando1<16>  |salida_Alu<23> |   12.603|
operando1<16>  |salida_Alu<24> |   12.643|
operando1<16>  |salida_Alu<25> |   12.043|
operando1<16>  |salida_Alu<26> |   12.814|
operando1<16>  |salida_Alu<27> |   13.668|
operando1<16>  |salida_Alu<28> |   12.697|
operando1<16>  |salida_Alu<29> |   13.718|
operando1<16>  |salida_Alu<30> |   13.088|
operando1<16>  |salida_Alu<31> |   13.439|
operando1<17>  |salida_Alu<17> |   12.289|
operando1<17>  |salida_Alu<18> |   13.196|
operando1<17>  |salida_Alu<19> |   11.936|
operando1<17>  |salida_Alu<20> |   11.762|
operando1<17>  |salida_Alu<21> |   12.838|
operando1<17>  |salida_Alu<22> |   11.500|
operando1<17>  |salida_Alu<23> |   12.231|
operando1<17>  |salida_Alu<24> |   12.271|
operando1<17>  |salida_Alu<25> |   11.671|
operando1<17>  |salida_Alu<26> |   12.442|
operando1<17>  |salida_Alu<27> |   13.296|
operando1<17>  |salida_Alu<28> |   12.325|
operando1<17>  |salida_Alu<29> |   13.346|
operando1<17>  |salida_Alu<30> |   12.716|
operando1<17>  |salida_Alu<31> |   13.067|
operando1<18>  |salida_Alu<18> |   11.977|
operando1<18>  |salida_Alu<19> |   10.868|
operando1<18>  |salida_Alu<20> |   10.931|
operando1<18>  |salida_Alu<21> |   12.007|
operando1<18>  |salida_Alu<22> |   10.669|
operando1<18>  |salida_Alu<23> |   11.400|
operando1<18>  |salida_Alu<24> |   11.440|
operando1<18>  |salida_Alu<25> |   10.840|
operando1<18>  |salida_Alu<26> |   11.611|
operando1<18>  |salida_Alu<27> |   12.465|
operando1<18>  |salida_Alu<28> |   11.494|
operando1<18>  |salida_Alu<29> |   12.515|
operando1<18>  |salida_Alu<30> |   11.885|
operando1<18>  |salida_Alu<31> |   12.236|
operando1<19>  |salida_Alu<19> |   10.765|
operando1<19>  |salida_Alu<20> |   11.045|
operando1<19>  |salida_Alu<21> |   12.121|
operando1<19>  |salida_Alu<22> |   10.783|
operando1<19>  |salida_Alu<23> |   11.514|
operando1<19>  |salida_Alu<24> |   11.554|
operando1<19>  |salida_Alu<25> |   10.954|
operando1<19>  |salida_Alu<26> |   11.725|
operando1<19>  |salida_Alu<27> |   12.579|
operando1<19>  |salida_Alu<28> |   11.608|
operando1<19>  |salida_Alu<29> |   12.629|
operando1<19>  |salida_Alu<30> |   11.999|
operando1<19>  |salida_Alu<31> |   12.350|
operando1<20>  |salida_Alu<20> |   11.473|
operando1<20>  |salida_Alu<21> |   12.700|
operando1<20>  |salida_Alu<22> |   11.599|
operando1<20>  |salida_Alu<23> |   12.330|
operando1<20>  |salida_Alu<24> |   12.370|
operando1<20>  |salida_Alu<25> |   11.770|
operando1<20>  |salida_Alu<26> |   12.541|
operando1<20>  |salida_Alu<27> |   13.395|
operando1<20>  |salida_Alu<28> |   12.424|
operando1<20>  |salida_Alu<29> |   13.445|
operando1<20>  |salida_Alu<30> |   12.815|
operando1<20>  |salida_Alu<31> |   13.166|
operando1<21>  |salida_Alu<21> |   11.418|
operando1<21>  |salida_Alu<22> |   10.534|
operando1<21>  |salida_Alu<23> |   11.265|
operando1<21>  |salida_Alu<24> |   11.305|
operando1<21>  |salida_Alu<25> |   10.705|
operando1<21>  |salida_Alu<26> |   11.476|
operando1<21>  |salida_Alu<27> |   12.330|
operando1<21>  |salida_Alu<28> |   11.359|
operando1<21>  |salida_Alu<29> |   12.380|
operando1<21>  |salida_Alu<30> |   11.750|
operando1<21>  |salida_Alu<31> |   12.101|
operando1<22>  |salida_Alu<22> |   11.201|
operando1<22>  |salida_Alu<23> |   12.083|
operando1<22>  |salida_Alu<24> |   12.360|
operando1<22>  |salida_Alu<25> |   11.760|
operando1<22>  |salida_Alu<26> |   12.531|
operando1<22>  |salida_Alu<27> |   13.385|
operando1<22>  |salida_Alu<28> |   12.414|
operando1<22>  |salida_Alu<29> |   13.435|
operando1<22>  |salida_Alu<30> |   12.805|
operando1<22>  |salida_Alu<31> |   13.156|
operando1<23>  |salida_Alu<23> |   11.321|
operando1<23>  |salida_Alu<24> |   11.815|
operando1<23>  |salida_Alu<25> |   11.215|
operando1<23>  |salida_Alu<26> |   11.986|
operando1<23>  |salida_Alu<27> |   12.840|
operando1<23>  |salida_Alu<28> |   11.869|
operando1<23>  |salida_Alu<29> |   12.890|
operando1<23>  |salida_Alu<30> |   12.260|
operando1<23>  |salida_Alu<31> |   12.611|
operando1<24>  |salida_Alu<24> |   11.141|
operando1<24>  |salida_Alu<25> |   10.692|
operando1<24>  |salida_Alu<26> |   11.700|
operando1<24>  |salida_Alu<27> |   12.554|
operando1<24>  |salida_Alu<28> |   11.583|
operando1<24>  |salida_Alu<29> |   12.604|
operando1<24>  |salida_Alu<30> |   11.974|
operando1<24>  |salida_Alu<31> |   12.325|
operando1<25>  |salida_Alu<25> |   10.318|
operando1<25>  |salida_Alu<26> |   11.543|
operando1<25>  |salida_Alu<27> |   12.397|
operando1<25>  |salida_Alu<28> |   11.426|
operando1<25>  |salida_Alu<29> |   12.447|
operando1<25>  |salida_Alu<30> |   11.817|
operando1<25>  |salida_Alu<31> |   12.168|
operando1<26>  |salida_Alu<26> |   11.654|
operando1<26>  |salida_Alu<27> |   12.659|
operando1<26>  |salida_Alu<28> |   11.925|
operando1<26>  |salida_Alu<29> |   12.946|
operando1<26>  |salida_Alu<30> |   12.316|
operando1<26>  |salida_Alu<31> |   12.667|
operando1<27>  |salida_Alu<27> |   12.635|
operando1<27>  |salida_Alu<28> |   12.118|
operando1<27>  |salida_Alu<29> |   13.139|
operando1<27>  |salida_Alu<30> |   12.509|
operando1<27>  |salida_Alu<31> |   12.860|
operando1<28>  |salida_Alu<28> |   11.427|
operando1<28>  |salida_Alu<29> |   12.599|
operando1<28>  |salida_Alu<30> |   12.206|
operando1<28>  |salida_Alu<31> |   12.557|
operando1<29>  |salida_Alu<29> |   11.498|
operando1<29>  |salida_Alu<30> |   11.322|
operando1<29>  |salida_Alu<31> |   11.673|
operando1<30>  |salida_Alu<30> |   11.016|
operando1<30>  |salida_Alu<31> |   11.518|
operando1<31>  |salida_Alu<31> |   10.836|
operando2<0>   |salida_Alu<0>  |   13.169|
operando2<0>   |salida_Alu<1>  |   14.091|
operando2<0>   |salida_Alu<2>  |   14.021|
operando2<0>   |salida_Alu<3>  |   13.573|
operando2<0>   |salida_Alu<4>  |   12.673|
operando2<0>   |salida_Alu<5>  |   13.934|
operando2<0>   |salida_Alu<6>  |   13.251|
operando2<0>   |salida_Alu<7>  |   14.048|
operando2<0>   |salida_Alu<8>  |   13.249|
operando2<0>   |salida_Alu<9>  |   13.526|
operando2<0>   |salida_Alu<10> |   13.236|
operando2<0>   |salida_Alu<11> |   13.418|
operando2<0>   |salida_Alu<12> |   13.261|
operando2<0>   |salida_Alu<13> |   13.313|
operando2<0>   |salida_Alu<14> |   13.674|
operando2<0>   |salida_Alu<15> |   13.880|
operando2<0>   |salida_Alu<16> |   13.681|
operando2<0>   |salida_Alu<17> |   14.121|
operando2<0>   |salida_Alu<18> |   14.574|
operando2<0>   |salida_Alu<19> |   13.314|
operando2<0>   |salida_Alu<20> |   13.140|
operando2<0>   |salida_Alu<21> |   14.216|
operando2<0>   |salida_Alu<22> |   12.878|
operando2<0>   |salida_Alu<23> |   13.609|
operando2<0>   |salida_Alu<24> |   13.649|
operando2<0>   |salida_Alu<25> |   13.049|
operando2<0>   |salida_Alu<26> |   13.820|
operando2<0>   |salida_Alu<27> |   14.674|
operando2<0>   |salida_Alu<28> |   13.703|
operando2<0>   |salida_Alu<29> |   14.724|
operando2<0>   |salida_Alu<30> |   14.094|
operando2<0>   |salida_Alu<31> |   14.445|
operando2<1>   |salida_Alu<1>  |   13.624|
operando2<1>   |salida_Alu<2>  |   13.771|
operando2<1>   |salida_Alu<3>  |   13.323|
operando2<1>   |salida_Alu<4>  |   12.423|
operando2<1>   |salida_Alu<5>  |   13.684|
operando2<1>   |salida_Alu<6>  |   13.001|
operando2<1>   |salida_Alu<7>  |   13.798|
operando2<1>   |salida_Alu<8>  |   12.999|
operando2<1>   |salida_Alu<9>  |   13.276|
operando2<1>   |salida_Alu<10> |   12.986|
operando2<1>   |salida_Alu<11> |   13.168|
operando2<1>   |salida_Alu<12> |   13.011|
operando2<1>   |salida_Alu<13> |   13.063|
operando2<1>   |salida_Alu<14> |   13.424|
operando2<1>   |salida_Alu<15> |   13.630|
operando2<1>   |salida_Alu<16> |   13.431|
operando2<1>   |salida_Alu<17> |   13.871|
operando2<1>   |salida_Alu<18> |   14.324|
operando2<1>   |salida_Alu<19> |   13.064|
operando2<1>   |salida_Alu<20> |   12.890|
operando2<1>   |salida_Alu<21> |   13.966|
operando2<1>   |salida_Alu<22> |   12.628|
operando2<1>   |salida_Alu<23> |   13.359|
operando2<1>   |salida_Alu<24> |   13.399|
operando2<1>   |salida_Alu<25> |   12.799|
operando2<1>   |salida_Alu<26> |   13.570|
operando2<1>   |salida_Alu<27> |   14.424|
operando2<1>   |salida_Alu<28> |   13.453|
operando2<1>   |salida_Alu<29> |   14.474|
operando2<1>   |salida_Alu<30> |   13.844|
operando2<1>   |salida_Alu<31> |   14.195|
operando2<2>   |salida_Alu<2>  |   13.709|
operando2<2>   |salida_Alu<3>  |   13.412|
operando2<2>   |salida_Alu<4>  |   12.749|
operando2<2>   |salida_Alu<5>  |   14.010|
operando2<2>   |salida_Alu<6>  |   13.327|
operando2<2>   |salida_Alu<7>  |   14.124|
operando2<2>   |salida_Alu<8>  |   13.325|
operando2<2>   |salida_Alu<9>  |   13.602|
operando2<2>   |salida_Alu<10> |   13.312|
operando2<2>   |salida_Alu<11> |   13.494|
operando2<2>   |salida_Alu<12> |   13.337|
operando2<2>   |salida_Alu<13> |   13.389|
operando2<2>   |salida_Alu<14> |   13.750|
operando2<2>   |salida_Alu<15> |   13.956|
operando2<2>   |salida_Alu<16> |   13.757|
operando2<2>   |salida_Alu<17> |   14.197|
operando2<2>   |salida_Alu<18> |   14.650|
operando2<2>   |salida_Alu<19> |   13.390|
operando2<2>   |salida_Alu<20> |   13.216|
operando2<2>   |salida_Alu<21> |   14.292|
operando2<2>   |salida_Alu<22> |   12.954|
operando2<2>   |salida_Alu<23> |   13.685|
operando2<2>   |salida_Alu<24> |   13.725|
operando2<2>   |salida_Alu<25> |   13.125|
operando2<2>   |salida_Alu<26> |   13.896|
operando2<2>   |salida_Alu<27> |   14.750|
operando2<2>   |salida_Alu<28> |   13.779|
operando2<2>   |salida_Alu<29> |   14.800|
operando2<2>   |salida_Alu<30> |   14.170|
operando2<2>   |salida_Alu<31> |   14.521|
operando2<3>   |salida_Alu<3>  |   12.233|
operando2<3>   |salida_Alu<4>  |   11.787|
operando2<3>   |salida_Alu<5>  |   13.048|
operando2<3>   |salida_Alu<6>  |   12.365|
operando2<3>   |salida_Alu<7>  |   13.162|
operando2<3>   |salida_Alu<8>  |   12.363|
operando2<3>   |salida_Alu<9>  |   12.640|
operando2<3>   |salida_Alu<10> |   12.350|
operando2<3>   |salida_Alu<11> |   12.532|
operando2<3>   |salida_Alu<12> |   12.375|
operando2<3>   |salida_Alu<13> |   12.427|
operando2<3>   |salida_Alu<14> |   12.788|
operando2<3>   |salida_Alu<15> |   12.994|
operando2<3>   |salida_Alu<16> |   12.795|
operando2<3>   |salida_Alu<17> |   13.235|
operando2<3>   |salida_Alu<18> |   13.688|
operando2<3>   |salida_Alu<19> |   12.428|
operando2<3>   |salida_Alu<20> |   12.254|
operando2<3>   |salida_Alu<21> |   13.330|
operando2<3>   |salida_Alu<22> |   11.992|
operando2<3>   |salida_Alu<23> |   12.723|
operando2<3>   |salida_Alu<24> |   12.763|
operando2<3>   |salida_Alu<25> |   12.163|
operando2<3>   |salida_Alu<26> |   12.934|
operando2<3>   |salida_Alu<27> |   13.788|
operando2<3>   |salida_Alu<28> |   12.817|
operando2<3>   |salida_Alu<29> |   13.838|
operando2<3>   |salida_Alu<30> |   13.208|
operando2<3>   |salida_Alu<31> |   13.559|
operando2<4>   |salida_Alu<4>  |   11.202|
operando2<4>   |salida_Alu<5>  |   12.614|
operando2<4>   |salida_Alu<6>  |   12.168|
operando2<4>   |salida_Alu<7>  |   12.965|
operando2<4>   |salida_Alu<8>  |   12.166|
operando2<4>   |salida_Alu<9>  |   12.443|
operando2<4>   |salida_Alu<10> |   12.153|
operando2<4>   |salida_Alu<11> |   12.335|
operando2<4>   |salida_Alu<12> |   12.178|
operando2<4>   |salida_Alu<13> |   12.230|
operando2<4>   |salida_Alu<14> |   12.591|
operando2<4>   |salida_Alu<15> |   12.797|
operando2<4>   |salida_Alu<16> |   12.598|
operando2<4>   |salida_Alu<17> |   13.038|
operando2<4>   |salida_Alu<18> |   13.491|
operando2<4>   |salida_Alu<19> |   12.231|
operando2<4>   |salida_Alu<20> |   12.057|
operando2<4>   |salida_Alu<21> |   13.133|
operando2<4>   |salida_Alu<22> |   11.795|
operando2<4>   |salida_Alu<23> |   12.526|
operando2<4>   |salida_Alu<24> |   12.566|
operando2<4>   |salida_Alu<25> |   11.966|
operando2<4>   |salida_Alu<26> |   12.737|
operando2<4>   |salida_Alu<27> |   13.591|
operando2<4>   |salida_Alu<28> |   12.620|
operando2<4>   |salida_Alu<29> |   13.641|
operando2<4>   |salida_Alu<30> |   13.011|
operando2<4>   |salida_Alu<31> |   13.362|
operando2<5>   |salida_Alu<5>  |   13.623|
operando2<5>   |salida_Alu<6>  |   13.394|
operando2<5>   |salida_Alu<7>  |   14.191|
operando2<5>   |salida_Alu<8>  |   13.392|
operando2<5>   |salida_Alu<9>  |   13.669|
operando2<5>   |salida_Alu<10> |   13.379|
operando2<5>   |salida_Alu<11> |   13.561|
operando2<5>   |salida_Alu<12> |   13.404|
operando2<5>   |salida_Alu<13> |   13.456|
operando2<5>   |salida_Alu<14> |   13.817|
operando2<5>   |salida_Alu<15> |   14.023|
operando2<5>   |salida_Alu<16> |   13.824|
operando2<5>   |salida_Alu<17> |   14.264|
operando2<5>   |salida_Alu<18> |   14.717|
operando2<5>   |salida_Alu<19> |   13.457|
operando2<5>   |salida_Alu<20> |   13.283|
operando2<5>   |salida_Alu<21> |   14.359|
operando2<5>   |salida_Alu<22> |   13.021|
operando2<5>   |salida_Alu<23> |   13.752|
operando2<5>   |salida_Alu<24> |   13.792|
operando2<5>   |salida_Alu<25> |   13.192|
operando2<5>   |salida_Alu<26> |   13.963|
operando2<5>   |salida_Alu<27> |   14.817|
operando2<5>   |salida_Alu<28> |   13.846|
operando2<5>   |salida_Alu<29> |   14.867|
operando2<5>   |salida_Alu<30> |   14.237|
operando2<5>   |salida_Alu<31> |   14.588|
operando2<6>   |salida_Alu<6>  |   11.853|
operando2<6>   |salida_Alu<7>  |   12.801|
operando2<6>   |salida_Alu<8>  |   12.239|
operando2<6>   |salida_Alu<9>  |   12.516|
operando2<6>   |salida_Alu<10> |   12.226|
operando2<6>   |salida_Alu<11> |   12.408|
operando2<6>   |salida_Alu<12> |   12.251|
operando2<6>   |salida_Alu<13> |   12.303|
operando2<6>   |salida_Alu<14> |   12.664|
operando2<6>   |salida_Alu<15> |   12.870|
operando2<6>   |salida_Alu<16> |   12.671|
operando2<6>   |salida_Alu<17> |   13.111|
operando2<6>   |salida_Alu<18> |   13.564|
operando2<6>   |salida_Alu<19> |   12.304|
operando2<6>   |salida_Alu<20> |   12.130|
operando2<6>   |salida_Alu<21> |   13.206|
operando2<6>   |salida_Alu<22> |   11.868|
operando2<6>   |salida_Alu<23> |   12.599|
operando2<6>   |salida_Alu<24> |   12.639|
operando2<6>   |salida_Alu<25> |   12.039|
operando2<6>   |salida_Alu<26> |   12.810|
operando2<6>   |salida_Alu<27> |   13.664|
operando2<6>   |salida_Alu<28> |   12.693|
operando2<6>   |salida_Alu<29> |   13.714|
operando2<6>   |salida_Alu<30> |   13.084|
operando2<6>   |salida_Alu<31> |   13.435|
operando2<7>   |salida_Alu<7>  |   12.028|
operando2<7>   |salida_Alu<8>  |   11.683|
operando2<7>   |salida_Alu<9>  |   11.960|
operando2<7>   |salida_Alu<10> |   11.670|
operando2<7>   |salida_Alu<11> |   11.852|
operando2<7>   |salida_Alu<12> |   11.695|
operando2<7>   |salida_Alu<13> |   11.747|
operando2<7>   |salida_Alu<14> |   12.108|
operando2<7>   |salida_Alu<15> |   12.314|
operando2<7>   |salida_Alu<16> |   12.115|
operando2<7>   |salida_Alu<17> |   12.555|
operando2<7>   |salida_Alu<18> |   13.008|
operando2<7>   |salida_Alu<19> |   11.748|
operando2<7>   |salida_Alu<20> |   11.574|
operando2<7>   |salida_Alu<21> |   12.650|
operando2<7>   |salida_Alu<22> |   11.312|
operando2<7>   |salida_Alu<23> |   12.043|
operando2<7>   |salida_Alu<24> |   12.083|
operando2<7>   |salida_Alu<25> |   11.483|
operando2<7>   |salida_Alu<26> |   12.254|
operando2<7>   |salida_Alu<27> |   13.108|
operando2<7>   |salida_Alu<28> |   12.137|
operando2<7>   |salida_Alu<29> |   13.158|
operando2<7>   |salida_Alu<30> |   12.528|
operando2<7>   |salida_Alu<31> |   12.879|
operando2<8>   |salida_Alu<8>  |   11.315|
operando2<8>   |salida_Alu<9>  |   11.743|
operando2<8>   |salida_Alu<10> |   11.690|
operando2<8>   |salida_Alu<11> |   11.872|
operando2<8>   |salida_Alu<12> |   11.715|
operando2<8>   |salida_Alu<13> |   11.767|
operando2<8>   |salida_Alu<14> |   12.128|
operando2<8>   |salida_Alu<15> |   12.334|
operando2<8>   |salida_Alu<16> |   12.135|
operando2<8>   |salida_Alu<17> |   12.575|
operando2<8>   |salida_Alu<18> |   13.028|
operando2<8>   |salida_Alu<19> |   11.768|
operando2<8>   |salida_Alu<20> |   11.594|
operando2<8>   |salida_Alu<21> |   12.670|
operando2<8>   |salida_Alu<22> |   11.332|
operando2<8>   |salida_Alu<23> |   12.063|
operando2<8>   |salida_Alu<24> |   12.103|
operando2<8>   |salida_Alu<25> |   11.503|
operando2<8>   |salida_Alu<26> |   12.274|
operando2<8>   |salida_Alu<27> |   13.128|
operando2<8>   |salida_Alu<28> |   12.157|
operando2<8>   |salida_Alu<29> |   13.178|
operando2<8>   |salida_Alu<30> |   12.548|
operando2<8>   |salida_Alu<31> |   12.899|
operando2<9>   |salida_Alu<9>  |   11.056|
operando2<9>   |salida_Alu<10> |   11.220|
operando2<9>   |salida_Alu<11> |   11.402|
operando2<9>   |salida_Alu<12> |   11.245|
operando2<9>   |salida_Alu<13> |   11.297|
operando2<9>   |salida_Alu<14> |   11.658|
operando2<9>   |salida_Alu<15> |   11.864|
operando2<9>   |salida_Alu<16> |   11.665|
operando2<9>   |salida_Alu<17> |   12.105|
operando2<9>   |salida_Alu<18> |   12.558|
operando2<9>   |salida_Alu<19> |   11.298|
operando2<9>   |salida_Alu<20> |   11.124|
operando2<9>   |salida_Alu<21> |   12.200|
operando2<9>   |salida_Alu<22> |   10.862|
operando2<9>   |salida_Alu<23> |   11.593|
operando2<9>   |salida_Alu<24> |   11.633|
operando2<9>   |salida_Alu<25> |   11.033|
operando2<9>   |salida_Alu<26> |   11.804|
operando2<9>   |salida_Alu<27> |   12.658|
operando2<9>   |salida_Alu<28> |   11.687|
operando2<9>   |salida_Alu<29> |   12.708|
operando2<9>   |salida_Alu<30> |   12.078|
operando2<9>   |salida_Alu<31> |   12.429|
operando2<10>  |salida_Alu<10> |   11.544|
operando2<10>  |salida_Alu<11> |   11.877|
operando2<10>  |salida_Alu<12> |   11.957|
operando2<10>  |salida_Alu<13> |   12.009|
operando2<10>  |salida_Alu<14> |   12.370|
operando2<10>  |salida_Alu<15> |   12.576|
operando2<10>  |salida_Alu<16> |   12.377|
operando2<10>  |salida_Alu<17> |   12.817|
operando2<10>  |salida_Alu<18> |   13.270|
operando2<10>  |salida_Alu<19> |   12.010|
operando2<10>  |salida_Alu<20> |   11.836|
operando2<10>  |salida_Alu<21> |   12.912|
operando2<10>  |salida_Alu<22> |   11.574|
operando2<10>  |salida_Alu<23> |   12.305|
operando2<10>  |salida_Alu<24> |   12.345|
operando2<10>  |salida_Alu<25> |   11.745|
operando2<10>  |salida_Alu<26> |   12.516|
operando2<10>  |salida_Alu<27> |   13.370|
operando2<10>  |salida_Alu<28> |   12.399|
operando2<10>  |salida_Alu<29> |   13.420|
operando2<10>  |salida_Alu<30> |   12.790|
operando2<10>  |salida_Alu<31> |   13.141|
operando2<11>  |salida_Alu<11> |   11.966|
operando2<11>  |salida_Alu<12> |   12.263|
operando2<11>  |salida_Alu<13> |   12.315|
operando2<11>  |salida_Alu<14> |   12.676|
operando2<11>  |salida_Alu<15> |   12.882|
operando2<11>  |salida_Alu<16> |   12.683|
operando2<11>  |salida_Alu<17> |   13.123|
operando2<11>  |salida_Alu<18> |   13.576|
operando2<11>  |salida_Alu<19> |   12.316|
operando2<11>  |salida_Alu<20> |   12.142|
operando2<11>  |salida_Alu<21> |   13.218|
operando2<11>  |salida_Alu<22> |   11.880|
operando2<11>  |salida_Alu<23> |   12.611|
operando2<11>  |salida_Alu<24> |   12.651|
operando2<11>  |salida_Alu<25> |   12.051|
operando2<11>  |salida_Alu<26> |   12.822|
operando2<11>  |salida_Alu<27> |   13.676|
operando2<11>  |salida_Alu<28> |   12.705|
operando2<11>  |salida_Alu<29> |   13.726|
operando2<11>  |salida_Alu<30> |   13.096|
operando2<11>  |salida_Alu<31> |   13.447|
operando2<12>  |salida_Alu<12> |   11.327|
operando2<12>  |salida_Alu<13> |   11.530|
operando2<12>  |salida_Alu<14> |   12.128|
operando2<12>  |salida_Alu<15> |   12.334|
operando2<12>  |salida_Alu<16> |   12.135|
operando2<12>  |salida_Alu<17> |   12.575|
operando2<12>  |salida_Alu<18> |   13.028|
operando2<12>  |salida_Alu<19> |   11.768|
operando2<12>  |salida_Alu<20> |   11.594|
operando2<12>  |salida_Alu<21> |   12.670|
operando2<12>  |salida_Alu<22> |   11.332|
operando2<12>  |salida_Alu<23> |   12.063|
operando2<12>  |salida_Alu<24> |   12.103|
operando2<12>  |salida_Alu<25> |   11.503|
operando2<12>  |salida_Alu<26> |   12.274|
operando2<12>  |salida_Alu<27> |   13.128|
operando2<12>  |salida_Alu<28> |   12.157|
operando2<12>  |salida_Alu<29> |   13.178|
operando2<12>  |salida_Alu<30> |   12.548|
operando2<12>  |salida_Alu<31> |   12.899|
operando2<13>  |salida_Alu<13> |   11.631|
operando2<13>  |salida_Alu<14> |   12.446|
operando2<13>  |salida_Alu<15> |   12.652|
operando2<13>  |salida_Alu<16> |   12.453|
operando2<13>  |salida_Alu<17> |   12.893|
operando2<13>  |salida_Alu<18> |   13.346|
operando2<13>  |salida_Alu<19> |   12.086|
operando2<13>  |salida_Alu<20> |   11.912|
operando2<13>  |salida_Alu<21> |   12.988|
operando2<13>  |salida_Alu<22> |   11.650|
operando2<13>  |salida_Alu<23> |   12.381|
operando2<13>  |salida_Alu<24> |   12.421|
operando2<13>  |salida_Alu<25> |   11.821|
operando2<13>  |salida_Alu<26> |   12.592|
operando2<13>  |salida_Alu<27> |   13.446|
operando2<13>  |salida_Alu<28> |   12.475|
operando2<13>  |salida_Alu<29> |   13.496|
operando2<13>  |salida_Alu<30> |   12.866|
operando2<13>  |salida_Alu<31> |   13.217|
operando2<14>  |salida_Alu<14> |   11.885|
operando2<14>  |salida_Alu<15> |   12.242|
operando2<14>  |salida_Alu<16> |   12.280|
operando2<14>  |salida_Alu<17> |   12.720|
operando2<14>  |salida_Alu<18> |   13.173|
operando2<14>  |salida_Alu<19> |   11.913|
operando2<14>  |salida_Alu<20> |   11.739|
operando2<14>  |salida_Alu<21> |   12.815|
operando2<14>  |salida_Alu<22> |   11.477|
operando2<14>  |salida_Alu<23> |   12.208|
operando2<14>  |salida_Alu<24> |   12.248|
operando2<14>  |salida_Alu<25> |   11.648|
operando2<14>  |salida_Alu<26> |   12.419|
operando2<14>  |salida_Alu<27> |   13.273|
operando2<14>  |salida_Alu<28> |   12.302|
operando2<14>  |salida_Alu<29> |   13.323|
operando2<14>  |salida_Alu<30> |   12.693|
operando2<14>  |salida_Alu<31> |   13.044|
operando2<15>  |salida_Alu<15> |   12.046|
operando2<15>  |salida_Alu<16> |   12.301|
operando2<15>  |salida_Alu<17> |   12.741|
operando2<15>  |salida_Alu<18> |   13.194|
operando2<15>  |salida_Alu<19> |   11.934|
operando2<15>  |salida_Alu<20> |   11.760|
operando2<15>  |salida_Alu<21> |   12.836|
operando2<15>  |salida_Alu<22> |   11.498|
operando2<15>  |salida_Alu<23> |   12.229|
operando2<15>  |salida_Alu<24> |   12.269|
operando2<15>  |salida_Alu<25> |   11.669|
operando2<15>  |salida_Alu<26> |   12.440|
operando2<15>  |salida_Alu<27> |   13.294|
operando2<15>  |salida_Alu<28> |   12.323|
operando2<15>  |salida_Alu<29> |   13.344|
operando2<15>  |salida_Alu<30> |   12.714|
operando2<15>  |salida_Alu<31> |   13.065|
operando2<16>  |salida_Alu<16> |   12.281|
operando2<16>  |salida_Alu<17> |   12.872|
operando2<16>  |salida_Alu<18> |   13.562|
operando2<16>  |salida_Alu<19> |   12.302|
operando2<16>  |salida_Alu<20> |   12.128|
operando2<16>  |salida_Alu<21> |   13.204|
operando2<16>  |salida_Alu<22> |   11.866|
operando2<16>  |salida_Alu<23> |   12.597|
operando2<16>  |salida_Alu<24> |   12.637|
operando2<16>  |salida_Alu<25> |   12.037|
operando2<16>  |salida_Alu<26> |   12.808|
operando2<16>  |salida_Alu<27> |   13.662|
operando2<16>  |salida_Alu<28> |   12.691|
operando2<16>  |salida_Alu<29> |   13.712|
operando2<16>  |salida_Alu<30> |   13.082|
operando2<16>  |salida_Alu<31> |   13.433|
operando2<17>  |salida_Alu<17> |   12.283|
operando2<17>  |salida_Alu<18> |   13.190|
operando2<17>  |salida_Alu<19> |   11.930|
operando2<17>  |salida_Alu<20> |   11.756|
operando2<17>  |salida_Alu<21> |   12.832|
operando2<17>  |salida_Alu<22> |   11.494|
operando2<17>  |salida_Alu<23> |   12.225|
operando2<17>  |salida_Alu<24> |   12.265|
operando2<17>  |salida_Alu<25> |   11.665|
operando2<17>  |salida_Alu<26> |   12.436|
operando2<17>  |salida_Alu<27> |   13.290|
operando2<17>  |salida_Alu<28> |   12.319|
operando2<17>  |salida_Alu<29> |   13.340|
operando2<17>  |salida_Alu<30> |   12.710|
operando2<17>  |salida_Alu<31> |   13.061|
operando2<18>  |salida_Alu<18> |   13.528|
operando2<18>  |salida_Alu<19> |   12.419|
operando2<18>  |salida_Alu<20> |   12.482|
operando2<18>  |salida_Alu<21> |   13.558|
operando2<18>  |salida_Alu<22> |   12.220|
operando2<18>  |salida_Alu<23> |   12.951|
operando2<18>  |salida_Alu<24> |   12.991|
operando2<18>  |salida_Alu<25> |   12.391|
operando2<18>  |salida_Alu<26> |   13.162|
operando2<18>  |salida_Alu<27> |   14.016|
operando2<18>  |salida_Alu<28> |   13.045|
operando2<18>  |salida_Alu<29> |   14.066|
operando2<18>  |salida_Alu<30> |   13.436|
operando2<18>  |salida_Alu<31> |   13.787|
operando2<19>  |salida_Alu<19> |   11.668|
operando2<19>  |salida_Alu<20> |   11.948|
operando2<19>  |salida_Alu<21> |   13.024|
operando2<19>  |salida_Alu<22> |   11.686|
operando2<19>  |salida_Alu<23> |   12.417|
operando2<19>  |salida_Alu<24> |   12.457|
operando2<19>  |salida_Alu<25> |   11.857|
operando2<19>  |salida_Alu<26> |   12.628|
operando2<19>  |salida_Alu<27> |   13.482|
operando2<19>  |salida_Alu<28> |   12.511|
operando2<19>  |salida_Alu<29> |   13.532|
operando2<19>  |salida_Alu<30> |   12.902|
operando2<19>  |salida_Alu<31> |   13.253|
operando2<20>  |salida_Alu<20> |   10.655|
operando2<20>  |salida_Alu<21> |   11.882|
operando2<20>  |salida_Alu<22> |   10.781|
operando2<20>  |salida_Alu<23> |   11.512|
operando2<20>  |salida_Alu<24> |   11.552|
operando2<20>  |salida_Alu<25> |   10.952|
operando2<20>  |salida_Alu<26> |   11.723|
operando2<20>  |salida_Alu<27> |   12.577|
operando2<20>  |salida_Alu<28> |   11.606|
operando2<20>  |salida_Alu<29> |   12.627|
operando2<20>  |salida_Alu<30> |   11.997|
operando2<20>  |salida_Alu<31> |   12.348|
operando2<21>  |salida_Alu<21> |   12.098|
operando2<21>  |salida_Alu<22> |   11.214|
operando2<21>  |salida_Alu<23> |   11.945|
operando2<21>  |salida_Alu<24> |   11.985|
operando2<21>  |salida_Alu<25> |   11.385|
operando2<21>  |salida_Alu<26> |   12.156|
operando2<21>  |salida_Alu<27> |   13.010|
operando2<21>  |salida_Alu<28> |   12.039|
operando2<21>  |salida_Alu<29> |   13.060|
operando2<21>  |salida_Alu<30> |   12.430|
operando2<21>  |salida_Alu<31> |   12.781|
operando2<22>  |salida_Alu<22> |   11.409|
operando2<22>  |salida_Alu<23> |   12.291|
operando2<22>  |salida_Alu<24> |   12.568|
operando2<22>  |salida_Alu<25> |   11.968|
operando2<22>  |salida_Alu<26> |   12.739|
operando2<22>  |salida_Alu<27> |   13.593|
operando2<22>  |salida_Alu<28> |   12.622|
operando2<22>  |salida_Alu<29> |   13.643|
operando2<22>  |salida_Alu<30> |   13.013|
operando2<22>  |salida_Alu<31> |   13.364|
operando2<23>  |salida_Alu<23> |   12.230|
operando2<23>  |salida_Alu<24> |   12.724|
operando2<23>  |salida_Alu<25> |   12.124|
operando2<23>  |salida_Alu<26> |   12.895|
operando2<23>  |salida_Alu<27> |   13.749|
operando2<23>  |salida_Alu<28> |   12.778|
operando2<23>  |salida_Alu<29> |   13.799|
operando2<23>  |salida_Alu<30> |   13.169|
operando2<23>  |salida_Alu<31> |   13.520|
operando2<24>  |salida_Alu<24> |   11.918|
operando2<24>  |salida_Alu<25> |   11.469|
operando2<24>  |salida_Alu<26> |   12.477|
operando2<24>  |salida_Alu<27> |   13.331|
operando2<24>  |salida_Alu<28> |   12.360|
operando2<24>  |salida_Alu<29> |   13.381|
operando2<24>  |salida_Alu<30> |   12.751|
operando2<24>  |salida_Alu<31> |   13.102|
operando2<25>  |salida_Alu<25> |   11.138|
operando2<25>  |salida_Alu<26> |   12.363|
operando2<25>  |salida_Alu<27> |   13.217|
operando2<25>  |salida_Alu<28> |   12.246|
operando2<25>  |salida_Alu<29> |   13.267|
operando2<25>  |salida_Alu<30> |   12.637|
operando2<25>  |salida_Alu<31> |   12.988|
operando2<26>  |salida_Alu<26> |   12.006|
operando2<26>  |salida_Alu<27> |   13.011|
operando2<26>  |salida_Alu<28> |   12.277|
operando2<26>  |salida_Alu<29> |   13.298|
operando2<26>  |salida_Alu<30> |   12.668|
operando2<26>  |salida_Alu<31> |   13.019|
operando2<27>  |salida_Alu<27> |   12.865|
operando2<27>  |salida_Alu<28> |   12.348|
operando2<27>  |salida_Alu<29> |   13.369|
operando2<27>  |salida_Alu<30> |   12.739|
operando2<27>  |salida_Alu<31> |   13.090|
operando2<28>  |salida_Alu<28> |   12.290|
operando2<28>  |salida_Alu<29> |   13.462|
operando2<28>  |salida_Alu<30> |   13.069|
operando2<28>  |salida_Alu<31> |   13.420|
operando2<29>  |salida_Alu<29> |   13.247|
operando2<29>  |salida_Alu<30> |   13.071|
operando2<29>  |salida_Alu<31> |   13.422|
operando2<30>  |salida_Alu<30> |   13.007|
operando2<30>  |salida_Alu<31> |   13.509|
operando2<31>  |salida_Alu<31> |   13.150|
---------------+---------------+---------+


Analysis completed Thu Nov 10 11:00:23 2016 
--------------------------------------------------------------------------------

Trace Settings:
-------------------------
Trace Settings 

Peak Memory Usage: 166 MB



